[2026-08-18 12:49:59.421] [120697] [HailoRT] [error] [file_utils.cpp:124] [open] CHECK failed - Failed opening file, path: Tesis-Proyecto/Yolo_dir/yolov8n.hef
[2026-08-18 12:49:59.421] [120697] [HailoRT] [error] [hef.cpp:560] [parse_hef_file] CHECK_SUCCESS failed with status=HAILO_OPEN_FILE_FAILURE(13)
[2026-08-18 12:49:59.421] [120697] [HailoRT] [error] [hef.cpp:1060] [Impl] Failed parsing HEF file
[2026-08-18 12:49:59.422] [120697] [HailoRT] [error] [hef.cpp:333] [create] Failed creating HEF
[2026-08-18 12:49:59.422] [120697] [HailoRT] [error] [hef.cpp:168] [create] CHECK_SUCCESS failed with status=HAILO_OPEN_FILE_FAILURE(13)
[2026-08-18 15:01:53.053] [4226] [HailoRT] [info] [hef.cpp:1994] [get_network_group_and_network_name] No name was given. Addressing all networks of default network_group: yolov8n
[2026-08-18 15:01:53.073] [4226] [HailoRT] [info] [vdevice.cpp:535] [create] Creating vdevice with params: device_count: 1, scheduling_algorithm: NONE, multi_process_service: false
[2026-08-18 15:01:53.091] [4226] [HailoRT] [info] [device.cpp:51] [Device] OS Version: Linux 6.18.39+rpt-rpi-2712 #1 SMP PREEMPT Debian 1:6.18.39-1+rpt1 (2026-07-29) aarch64
[2026-08-18 15:01:53.091] [4226] [HailoRT] [info] [control.cpp:113] [control__parse_identify_results] firmware_version is: 4.23.0
[2026-08-18 15:01:53.091] [4226] [HailoRT] [info] [vdevice.cpp:682] [create] VDevice Infos: 0001:01:00.0
[2026-08-18 15:01:53.100] [4226] [HailoRT] [info] [internal_buffer_manager.cpp:77] [print_execution_results] Planned internal buffer memory: CMA=0 CMA-Desc=851968 Pinned=1560576. memory to edge layer usage factor is 0.78902406
[2026-08-18 15:01:53.100] [4226] [HailoRT] [info] [internal_buffer_manager.cpp:86] [print_execution_results] Default Internal buffer planner executed successfully
[2026-08-18 15:01:53.122] [4226] [HailoRT] [info] [device_internal.cpp:57] [configure] Configuring HEF took 30.316622 milliseconds
[2026-08-18 15:01:53.123] [4226] [HailoRT] [info] [vdevice.cpp:780] [configure] Configuring HEF on VDevice took 31.011369 milliseconds
[2026-08-18 15:01:53.123] [4226] [HailoRT] [info] [core_op.cpp:156] [activate] Activating yolov8n took 0.61821 milliseconds. Note that the function is asynchronous and thus the network is not fully activated yet.
[2026-08-18 15:01:53.123] [4226] [HailoRT] [info] [core_op.cpp:156] [activate] Activating yolov8n took 0.633951 milliseconds. Note that the function is asynchronous and thus the network is not fully activated yet.
[2026-08-18 15:01:53.126] [4226] [HailoRT] [info] [edge_elements.cpp:52] [create] Created (HwWriteEl3yolov8n/input_layer1 | hw_frame_size: 1228800)
[2026-08-18 15:01:53.128] [4226] [HailoRT] [info] [queue_elements.cpp:284] [create] Created (PushQEl3yolov8n/input_layer1 | timeout: 10s)
[2026-08-18 15:01:53.128] [4226] [HailoRT] [info] [filter_elements.cpp:101] [create] Created (PreInferEl3yolov8n/input_layer1 | Reorder - src_order: NHWC, src_shape: (640, 640, 3), dst_order: NHCW, dst_shape: (640, 640, 3))
[2026-08-18 15:01:53.128] [4226] [HailoRT] [info] [vstream.cpp:754] [InputVStreamImpl] Creating yolov8n/input_layer1...
[2026-08-18 15:01:53.128] [4226] [HailoRT] [info] [vstream_builder.cpp:102] [create_inputs] Input pipeline 'yolov8n/input_layer1': (PreInferEl3yolov8n/input_layer1 | Reorder - src_order: NHWC, src_shape: (640, 640, 3), dst_order: NHCW, dst_shape: (640, 640, 3)) >> (PushQEl3yolov8n/input_layer1 | timeout: 10s) >> (HwWriteEl3yolov8n/input_layer1 | hw_frame_size: 1228800) >> HW
[2026-08-18 15:01:53.128] [4226] [HailoRT] [info] [multi_io_elements.cpp:135] [create] Created (NmsPPMuxEl0YOLOV8-Post-Process | Op YOLOV8, Name: YOLOV8-Post-Process, Score threshold: 0.200, IoU threshold: 0.70, Classes: 80, Max bboxes per class: 100, Image height: 640, Image width: 640)
[2026-08-18 15:01:53.128] [4226] [HailoRT] [info] [edge_elements.cpp:287] [create] Created (HwReadEl3yolov8n/conv41_97 | hw_frame_size: 409600)
[2026-08-18 15:01:53.128] [4226] [HailoRT] [info] [queue_elements.cpp:657] [create] Created (PullQEl_nms3yolov8n/conv41_97 | timeout: 10s)
[2026-08-18 15:01:53.128] [4226] [HailoRT] [info] [edge_elements.cpp:287] [create] Created (HwReadEl2yolov8n/conv42_97 | hw_frame_size: 512000)
[2026-08-18 15:01:53.128] [4226] [HailoRT] [info] [queue_elements.cpp:657] [create] Created (PullQEl_nms2yolov8n/conv42_97 | timeout: 10s)
[2026-08-18 15:01:53.128] [4226] [HailoRT] [info] [edge_elements.cpp:287] [create] Created (HwReadEl1yolov8n/conv52_97 | hw_frame_size: 102400)
[2026-08-18 15:01:53.129] [4226] [HailoRT] [info] [queue_elements.cpp:657] [create] Created (PullQEl_nms1yolov8n/conv52_97 | timeout: 10s)
[2026-08-18 15:01:53.129] [4226] [HailoRT] [info] [edge_elements.cpp:287] [create] Created (HwReadEl0yolov8n/conv53_97 | hw_frame_size: 128000)
[2026-08-18 15:01:53.130] [4226] [HailoRT] [info] [queue_elements.cpp:657] [create] Created (PullQEl_nms0yolov8n/conv53_97 | timeout: 10s)
[2026-08-18 15:01:53.130] [4226] [HailoRT] [info] [edge_elements.cpp:287] [create] Created (HwReadEl3yolov8n/conv62_97 | hw_frame_size: 30720)
[2026-08-18 15:01:53.130] [4226] [HailoRT] [info] [queue_elements.cpp:657] [create] Created (PullQEl_nms3yolov8n/conv62_97 | timeout: 10s)
[2026-08-18 15:01:53.130] [4226] [HailoRT] [info] [edge_elements.cpp:287] [create] Created (HwReadEl2yolov8n/conv63_97 | hw_frame_size: 38400)
[2026-08-18 15:01:53.130] [4226] [HailoRT] [info] [queue_elements.cpp:657] [create] Created (PullQEl_nms2yolov8n/conv63_97 | timeout: 10s)
[2026-08-18 15:01:53.130] [4226] [HailoRT] [info] [queue_elements.cpp:800] [create] Created (UserBufQEl_post_infer0yolov8n/yolov8_nms_postprocess | timeout: 10s)
[2026-08-18 15:01:53.130] [4226] [HailoRT] [info] [vstream.cpp:1114] [OutputVStreamImpl] Creating yolov8n/yolov8_nms_postprocess...
[2026-08-18 15:01:53.130] [4226] [HailoRT] [info] [vstream_builder.cpp:622] [create_output_post_process_nms] Output pipeline 'yolov8n/yolov8_nms_postprocess': HW >> (HwReadEl3yolov8n/conv41_97 | hw_frame_size: 409600) >> (PullQEl_nms3yolov8n/conv41_97) >> (HwReadEl2yolov8n/conv42_97 | hw_frame_size: 512000) >> (PullQEl_nms2yolov8n/conv42_97) >> (HwReadEl1yolov8n/conv52_97 | hw_frame_size: 102400) >> (PullQEl_nms1yolov8n/conv52_97) >> (HwReadEl0yolov8n/conv53_97 | hw_frame_size: 128000) >> (PullQEl_nms0yolov8n/conv53_97) >> (HwReadEl3yolov8n/conv62_97 | hw_frame_size: 30720) >> (PullQEl_nms3yolov8n/conv62_97) >> (HwReadEl2yolov8n/conv63_97 | hw_frame_size: 38400) >> (PullQEl_nms2yolov8n/conv63_97) >> (NmsPPMuxEl0YOLOV8-Post-Process | Op YOLOV8, Name: YOLOV8-Post-Process, Score threshold: 0.200, IoU threshold: 0.70, Classes: 80, Max bboxes per class: 100, Image height: 640, Image width: 640) >> (UserBufQEl_post_infer0yolov8n/yolov8_nms_postprocess | timeout: 10s)
[2026-08-18 15:01:53.143] [4247] [HailoRT] [info] [vdevice_native_stream.cpp:331] [read_impl] Failed read from stream HAILO_STREAM_ABORT(63) (device: 0001:01:00.0)
[2026-08-18 15:01:53.143] [4249] [HailoRT] [info] [vdevice_native_stream.cpp:331] [read_impl] Failed read from stream HAILO_STREAM_ABORT(63) (device: 0001:01:00.0)
[2026-08-18 15:01:53.143] [4248] [HailoRT] [info] [vdevice_native_stream.cpp:331] [read_impl] Failed read from stream HAILO_STREAM_ABORT(63) (device: 0001:01:00.0)
[2026-08-18 15:01:53.143] [4248] [HailoRT] [info] [edge_elements.cpp:396] [run_pull] Reading from stream was aborted!
[2026-08-18 15:01:53.143] [4251] [HailoRT] [info] [vdevice_native_stream.cpp:331] [read_impl] Failed read from stream HAILO_STREAM_ABORT(63) (device: 0001:01:00.0)
[2026-08-18 15:01:53.143] [4251] [HailoRT] [info] [edge_elements.cpp:396] [run_pull] Reading from stream was aborted!
[2026-08-18 15:01:53.143] [4248] [HailoRT] [info] [queue_elements.cpp:738] [run_in_thread] run_pull of queue element PullQEl_nms2yolov8n/conv42_97 was aborted!
[2026-08-18 15:01:53.143] [4251] [HailoRT] [info] [queue_elements.cpp:738] [run_in_thread] run_pull of queue element PullQEl_nms3yolov8n/conv62_97 was aborted!
[2026-08-18 15:01:53.143] [4252] [HailoRT] [info] [vdevice_native_stream.cpp:331] [read_impl] Failed read from stream HAILO_STREAM_ABORT(63) (device: 0001:01:00.0)
[2026-08-18 15:01:53.143] [4252] [HailoRT] [info] [edge_elements.cpp:396] [run_pull] Reading from stream was aborted!
[2026-08-18 15:01:53.143] [4252] [HailoRT] [info] [queue_elements.cpp:738] [run_in_thread] run_pull of queue element PullQEl_nms2yolov8n/conv63_97 was aborted!
[2026-08-18 15:01:53.143] [4249] [HailoRT] [info] [edge_elements.cpp:396] [run_pull] Reading from stream was aborted!
[2026-08-18 15:01:53.144] [4249] [HailoRT] [info] [queue_elements.cpp:738] [run_in_thread] run_pull of queue element PullQEl_nms1yolov8n/conv52_97 was aborted!
[2026-08-18 15:01:53.143] [4247] [HailoRT] [info] [edge_elements.cpp:396] [run_pull] Reading from stream was aborted!
[2026-08-18 15:01:53.143] [4250] [HailoRT] [info] [vdevice_native_stream.cpp:331] [read_impl] Failed read from stream HAILO_STREAM_ABORT(63) (device: 0001:01:00.0)
[2026-08-18 15:01:53.144] [4250] [HailoRT] [info] [edge_elements.cpp:396] [run_pull] Reading from stream was aborted!
[2026-08-18 15:01:53.144] [4247] [HailoRT] [info] [queue_elements.cpp:738] [run_in_thread] run_pull of queue element PullQEl_nms3yolov8n/conv41_97 was aborted!
[2026-08-18 15:01:53.144] [4250] [HailoRT] [info] [queue_elements.cpp:738] [run_in_thread] run_pull of queue element PullQEl_nms0yolov8n/conv53_97 was aborted!
[2026-08-18 15:01:53.144] [4253] [HailoRT] [info] [queue_elements.cpp:68] [operator()] Thread in element UserBufQEl_post_infer0yolov8n/yolov8_nms_postprocess is not running anymore, exiting..
[2026-08-18 15:01:53.144] [4226] [HailoRT] [info] [queue_elements.cpp:46] [~BaseQueueElement] Queue element UserBufQEl_post_infer0yolov8n/yolov8_nms_postprocess has 0 frames in his Queue on destruction
[2026-08-18 15:01:53.144] [4252] [HailoRT] [info] [queue_elements.cpp:68] [operator()] Thread in element PullQEl_nms2yolov8n/conv63_97 is not running anymore, exiting..
[2026-08-18 15:01:53.144] [4226] [HailoRT] [info] [queue_elements.cpp:46] [~BaseQueueElement] Queue element PullQEl_nms2yolov8n/conv63_97 has 0 frames in his Queue on destruction
[2026-08-18 15:01:53.144] [4251] [HailoRT] [info] [queue_elements.cpp:68] [operator()] Thread in element PullQEl_nms3yolov8n/conv62_97 is not running anymore, exiting..
[2026-08-18 15:01:53.144] [4226] [HailoRT] [info] [queue_elements.cpp:46] [~BaseQueueElement] Queue element PullQEl_nms3yolov8n/conv62_97 has 0 frames in his Queue on destruction
[2026-08-18 15:01:53.144] [4250] [HailoRT] [info] [queue_elements.cpp:68] [operator()] Thread in element PullQEl_nms0yolov8n/conv53_97 is not running anymore, exiting..
[2026-08-18 15:01:53.144] [4226] [HailoRT] [info] [queue_elements.cpp:46] [~BaseQueueElement] Queue element PullQEl_nms0yolov8n/conv53_97 has 0 frames in his Queue on destruction
[2026-08-18 15:01:53.144] [4249] [HailoRT] [info] [queue_elements.cpp:68] [operator()] Thread in element PullQEl_nms1yolov8n/conv52_97 is not running anymore, exiting..
[2026-08-18 15:01:53.144] [4226] [HailoRT] [info] [queue_elements.cpp:46] [~BaseQueueElement] Queue element PullQEl_nms1yolov8n/conv52_97 has 0 frames in his Queue on destruction
[2026-08-18 15:01:53.144] [4248] [HailoRT] [info] [queue_elements.cpp:68] [operator()] Thread in element PullQEl_nms2yolov8n/conv42_97 is not running anymore, exiting..
[2026-08-18 15:01:53.144] [4226] [HailoRT] [info] [queue_elements.cpp:46] [~BaseQueueElement] Queue element PullQEl_nms2yolov8n/conv42_97 has 0 frames in his Queue on destruction
[2026-08-18 15:01:53.144] [4247] [HailoRT] [info] [queue_elements.cpp:68] [operator()] Thread in element PullQEl_nms3yolov8n/conv41_97 is not running anymore, exiting..
[2026-08-18 15:01:53.144] [4226] [HailoRT] [info] [queue_elements.cpp:46] [~BaseQueueElement] Queue element PullQEl_nms3yolov8n/conv41_97 has 0 frames in his Queue on destruction
[2026-08-18 15:01:53.144] [4246] [HailoRT] [info] [queue_elements.cpp:68] [operator()] Thread in element PushQEl3yolov8n/input_layer1 is not running anymore, exiting..
[2026-08-18 15:01:53.144] [4226] [HailoRT] [info] [queue_elements.cpp:46] [~BaseQueueElement] Queue element PushQEl3yolov8n/input_layer1 has 0 frames in his Queue on destruction
[2026-08-18 15:01:53.144] [4226] [HailoRT] [info] [core_op.cpp:186] [deactivate] Deactivating took 0.42617 ms
[2026-08-18 15:01:53.144] [4226] [HailoRT] [info] [core_op.cpp:186] [deactivate] Deactivating took 0.436171 ms
[2026-08-18 15:02:11.965] [4292] [HailoRT] [info] [hef.cpp:1994] [get_network_group_and_network_name] No name was given. Addressing all networks of default network_group: yolov8n
[2026-08-18 15:02:11.985] [4292] [HailoRT] [info] [vdevice.cpp:535] [create] Creating vdevice with params: device_count: 1, scheduling_algorithm: NONE, multi_process_service: false
[2026-08-18 15:02:11.997] [4292] [HailoRT] [info] [device.cpp:51] [Device] OS Version: Linux 6.18.39+rpt-rpi-2712 #1 SMP PREEMPT Debian 1:6.18.39-1+rpt1 (2026-07-29) aarch64
[2026-08-18 15:02:11.998] [4292] [HailoRT] [info] [control.cpp:113] [control__parse_identify_results] firmware_version is: 4.23.0
[2026-08-18 15:02:11.998] [4292] [HailoRT] [info] [vdevice.cpp:682] [create] VDevice Infos: 0001:01:00.0
[2026-08-18 15:02:12.004] [4292] [HailoRT] [info] [internal_buffer_manager.cpp:77] [print_execution_results] Planned internal buffer memory: CMA=0 CMA-Desc=851968 Pinned=1560576. memory to edge layer usage factor is 0.78902406
[2026-08-18 15:02:12.004] [4292] [HailoRT] [info] [internal_buffer_manager.cpp:86] [print_execution_results] Default Internal buffer planner executed successfully
[2026-08-18 15:02:12.028] [4292] [HailoRT] [info] [device_internal.cpp:57] [configure] Configuring HEF took 29.595842 milliseconds
[2026-08-18 15:02:12.028] [4292] [HailoRT] [info] [vdevice.cpp:780] [configure] Configuring HEF on VDevice took 29.914827 milliseconds
[2026-08-18 15:02:12.028] [4292] [HailoRT] [info] [core_op.cpp:156] [activate] Activating yolov8n took 0.6306 milliseconds. Note that the function is asynchronous and thus the network is not fully activated yet.
[2026-08-18 15:02:12.028] [4292] [HailoRT] [info] [core_op.cpp:156] [activate] Activating yolov8n took 0.641285 milliseconds. Note that the function is asynchronous and thus the network is not fully activated yet.
[2026-08-18 15:02:12.029] [4292] [HailoRT] [info] [edge_elements.cpp:52] [create] Created (HwWriteEl3yolov8n/input_layer1 | hw_frame_size: 1228800)
[2026-08-18 15:02:12.029] [4292] [HailoRT] [info] [queue_elements.cpp:284] [create] Created (PushQEl3yolov8n/input_layer1 | timeout: 10s)
[2026-08-18 15:02:12.029] [4292] [HailoRT] [info] [filter_elements.cpp:101] [create] Created (PreInferEl3yolov8n/input_layer1 | Reorder - src_order: NHWC, src_shape: (640, 640, 3), dst_order: NHCW, dst_shape: (640, 640, 3))
[2026-08-18 15:02:12.029] [4292] [HailoRT] [info] [vstream.cpp:754] [InputVStreamImpl] Creating yolov8n/input_layer1...
[2026-08-18 15:02:12.029] [4292] [HailoRT] [info] [vstream_builder.cpp:102] [create_inputs] Input pipeline 'yolov8n/input_layer1': (PreInferEl3yolov8n/input_layer1 | Reorder - src_order: NHWC, src_shape: (640, 640, 3), dst_order: NHCW, dst_shape: (640, 640, 3)) >> (PushQEl3yolov8n/input_layer1 | timeout: 10s) >> (HwWriteEl3yolov8n/input_layer1 | hw_frame_size: 1228800) >> HW
[2026-08-18 15:02:12.029] [4292] [HailoRT] [info] [multi_io_elements.cpp:135] [create] Created (NmsPPMuxEl0YOLOV8-Post-Process | Op YOLOV8, Name: YOLOV8-Post-Process, Score threshold: 0.200, IoU threshold: 0.70, Classes: 80, Max bboxes per class: 100, Image height: 640, Image width: 640)
[2026-08-18 15:02:12.029] [4292] [HailoRT] [info] [edge_elements.cpp:287] [create] Created (HwReadEl3yolov8n/conv41_97 | hw_frame_size: 409600)
[2026-08-18 15:02:12.029] [4292] [HailoRT] [info] [queue_elements.cpp:657] [create] Created (PullQEl_nms3yolov8n/conv41_97 | timeout: 10s)
[2026-08-18 15:02:12.029] [4292] [HailoRT] [info] [edge_elements.cpp:287] [create] Created (HwReadEl2yolov8n/conv42_97 | hw_frame_size: 512000)
[2026-08-18 15:02:12.029] [4292] [HailoRT] [info] [queue_elements.cpp:657] [create] Created (PullQEl_nms2yolov8n/conv42_97 | timeout: 10s)
[2026-08-18 15:02:12.029] [4292] [HailoRT] [info] [edge_elements.cpp:287] [create] Created (HwReadEl1yolov8n/conv52_97 | hw_frame_size: 102400)
[2026-08-18 15:02:12.029] [4292] [HailoRT] [info] [queue_elements.cpp:657] [create] Created (PullQEl_nms1yolov8n/conv52_97 | timeout: 10s)
[2026-08-18 15:02:12.029] [4292] [HailoRT] [info] [edge_elements.cpp:287] [create] Created (HwReadEl0yolov8n/conv53_97 | hw_frame_size: 128000)
[2026-08-18 15:02:12.029] [4292] [HailoRT] [info] [queue_elements.cpp:657] [create] Created (PullQEl_nms0yolov8n/conv53_97 | timeout: 10s)
[2026-08-18 15:02:12.029] [4292] [HailoRT] [info] [edge_elements.cpp:287] [create] Created (HwReadEl3yolov8n/conv62_97 | hw_frame_size: 30720)
[2026-08-18 15:02:12.029] [4292] [HailoRT] [info] [queue_elements.cpp:657] [create] Created (PullQEl_nms3yolov8n/conv62_97 | timeout: 10s)
[2026-08-18 15:02:12.029] [4292] [HailoRT] [info] [edge_elements.cpp:287] [create] Created (HwReadEl2yolov8n/conv63_97 | hw_frame_size: 38400)
[2026-08-18 15:02:12.029] [4292] [HailoRT] [info] [queue_elements.cpp:657] [create] Created (PullQEl_nms2yolov8n/conv63_97 | timeout: 10s)
[2026-08-18 15:02:12.029] [4292] [HailoRT] [info] [queue_elements.cpp:800] [create] Created (UserBufQEl_post_infer0yolov8n/yolov8_nms_postprocess | timeout: 10s)
[2026-08-18 15:02:12.029] [4292] [HailoRT] [info] [vstream.cpp:1114] [OutputVStreamImpl] Creating yolov8n/yolov8_nms_postprocess...
[2026-08-18 15:02:12.029] [4292] [HailoRT] [info] [vstream_builder.cpp:622] [create_output_post_process_nms] Output pipeline 'yolov8n/yolov8_nms_postprocess': HW >> (HwReadEl3yolov8n/conv41_97 | hw_frame_size: 409600) >> (PullQEl_nms3yolov8n/conv41_97) >> (HwReadEl2yolov8n/conv42_97 | hw_frame_size: 512000) >> (PullQEl_nms2yolov8n/conv42_97) >> (HwReadEl1yolov8n/conv52_97 | hw_frame_size: 102400) >> (PullQEl_nms1yolov8n/conv52_97) >> (HwReadEl0yolov8n/conv53_97 | hw_frame_size: 128000) >> (PullQEl_nms0yolov8n/conv53_97) >> (HwReadEl3yolov8n/conv62_97 | hw_frame_size: 30720) >> (PullQEl_nms3yolov8n/conv62_97) >> (HwReadEl2yolov8n/conv63_97 | hw_frame_size: 38400) >> (PullQEl_nms2yolov8n/conv63_97) >> (NmsPPMuxEl0YOLOV8-Post-Process | Op YOLOV8, Name: YOLOV8-Post-Process, Score threshold: 0.200, IoU threshold: 0.70, Classes: 80, Max bboxes per class: 100, Image height: 640, Image width: 640) >> (UserBufQEl_post_infer0yolov8n/yolov8_nms_postprocess | timeout: 10s)
[2026-08-18 15:02:17.415] [4311] [HailoRT] [info] [vdevice_native_stream.cpp:331] [read_impl] Failed read from stream HAILO_STREAM_ABORT(63) (device: 0001:01:00.0)
[2026-08-18 15:02:17.415] [4311] [HailoRT] [info] [edge_elements.cpp:396] [run_pull] Reading from stream was aborted!
[2026-08-18 15:02:17.415] [4311] [HailoRT] [info] [queue_elements.cpp:738] [run_in_thread] run_pull of queue element PullQEl_nms3yolov8n/conv41_97 was aborted!
[2026-08-18 15:02:17.415] [4312] [HailoRT] [info] [vdevice_native_stream.cpp:331] [read_impl] Failed read from stream HAILO_STREAM_ABORT(63) (device: 0001:01:00.0)
[2026-08-18 15:02:17.415] [4312] [HailoRT] [info] [edge_elements.cpp:396] [run_pull] Reading from stream was aborted!
[2026-08-18 15:02:17.415] [4314] [HailoRT] [info] [vdevice_native_stream.cpp:331] [read_impl] Failed read from stream HAILO_STREAM_ABORT(63) (device: 0001:01:00.0)
[2026-08-18 15:02:17.415] [4314] [HailoRT] [info] [edge_elements.cpp:396] [run_pull] Reading from stream was aborted!
[2026-08-18 15:02:17.415] [4312] [HailoRT] [info] [queue_elements.cpp:738] [run_in_thread] run_pull of queue element PullQEl_nms2yolov8n/conv42_97 was aborted!
[2026-08-18 15:02:17.415] [4314] [HailoRT] [info] [queue_elements.cpp:738] [run_in_thread] run_pull of queue element PullQEl_nms0yolov8n/conv53_97 was aborted!
[2026-08-18 15:02:17.415] [4316] [HailoRT] [info] [vdevice_native_stream.cpp:331] [read_impl] Failed read from stream HAILO_STREAM_ABORT(63) (device: 0001:01:00.0)
[2026-08-18 15:02:17.416] [4316] [HailoRT] [info] [edge_elements.cpp:396] [run_pull] Reading from stream was aborted!
[2026-08-18 15:02:17.416] [4316] [HailoRT] [info] [queue_elements.cpp:738] [run_in_thread] run_pull of queue element PullQEl_nms2yolov8n/conv63_97 was aborted!
[2026-08-18 15:02:17.416] [4315] [HailoRT] [info] [vdevice_native_stream.cpp:331] [read_impl] Failed read from stream HAILO_STREAM_ABORT(63) (device: 0001:01:00.0)
[2026-08-18 15:02:17.416] [4315] [HailoRT] [info] [edge_elements.cpp:396] [run_pull] Reading from stream was aborted!
[2026-08-18 15:02:17.416] [4315] [HailoRT] [info] [queue_elements.cpp:738] [run_in_thread] run_pull of queue element PullQEl_nms3yolov8n/conv62_97 was aborted!
[2026-08-18 15:02:17.416] [4313] [HailoRT] [info] [vdevice_native_stream.cpp:331] [read_impl] Failed read from stream HAILO_STREAM_ABORT(63) (device: 0001:01:00.0)
[2026-08-18 15:02:17.416] [4313] [HailoRT] [info] [edge_elements.cpp:396] [run_pull] Reading from stream was aborted!
[2026-08-18 15:02:17.416] [4313] [HailoRT] [info] [queue_elements.cpp:738] [run_in_thread] run_pull of queue element PullQEl_nms1yolov8n/conv52_97 was aborted!
[2026-08-18 15:02:17.416] [4317] [HailoRT] [info] [queue_elements.cpp:68] [operator()] Thread in element UserBufQEl_post_infer0yolov8n/yolov8_nms_postprocess is not running anymore, exiting..
[2026-08-18 15:02:17.416] [4292] [HailoRT] [info] [queue_elements.cpp:46] [~BaseQueueElement] Queue element UserBufQEl_post_infer0yolov8n/yolov8_nms_postprocess has 0 frames in his Queue on destruction
[2026-08-18 15:02:17.416] [4316] [HailoRT] [info] [queue_elements.cpp:68] [operator()] Thread in element PullQEl_nms2yolov8n/conv63_97 is not running anymore, exiting..
[2026-08-18 15:02:17.416] [4292] [HailoRT] [info] [queue_elements.cpp:46] [~BaseQueueElement] Queue element PullQEl_nms2yolov8n/conv63_97 has 0 frames in his Queue on destruction
[2026-08-18 15:02:17.416] [4315] [HailoRT] [info] [queue_elements.cpp:68] [operator()] Thread in element PullQEl_nms3yolov8n/conv62_97 is not running anymore, exiting..
[2026-08-18 15:02:17.416] [4292] [HailoRT] [info] [queue_elements.cpp:46] [~BaseQueueElement] Queue element PullQEl_nms3yolov8n/conv62_97 has 0 frames in his Queue on destruction
[2026-08-18 15:02:17.417] [4314] [HailoRT] [info] [queue_elements.cpp:68] [operator()] Thread in element PullQEl_nms0yolov8n/conv53_97 is not running anymore, exiting..
[2026-08-18 15:02:17.417] [4292] [HailoRT] [info] [queue_elements.cpp:46] [~BaseQueueElement] Queue element PullQEl_nms0yolov8n/conv53_97 has 0 frames in his Queue on destruction
[2026-08-18 15:02:17.417] [4313] [HailoRT] [info] [queue_elements.cpp:68] [operator()] Thread in element PullQEl_nms1yolov8n/conv52_97 is not running anymore, exiting..
[2026-08-18 15:02:17.417] [4292] [HailoRT] [info] [queue_elements.cpp:46] [~BaseQueueElement] Queue element PullQEl_nms1yolov8n/conv52_97 has 0 frames in his Queue on destruction
[2026-08-18 15:02:17.417] [4312] [HailoRT] [info] [queue_elements.cpp:68] [operator()] Thread in element PullQEl_nms2yolov8n/conv42_97 is not running anymore, exiting..
[2026-08-18 15:02:17.417] [4292] [HailoRT] [info] [queue_elements.cpp:46] [~BaseQueueElement] Queue element PullQEl_nms2yolov8n/conv42_97 has 0 frames in his Queue on destruction
[2026-08-18 15:02:17.417] [4311] [HailoRT] [info] [queue_elements.cpp:68] [operator()] Thread in element PullQEl_nms3yolov8n/conv41_97 is not running anymore, exiting..
[2026-08-18 15:02:17.417] [4292] [HailoRT] [info] [queue_elements.cpp:46] [~BaseQueueElement] Queue element PullQEl_nms3yolov8n/conv41_97 has 0 frames in his Queue on destruction
[2026-08-18 15:02:17.417] [4310] [HailoRT] [info] [queue_elements.cpp:68] [operator()] Thread in element PushQEl3yolov8n/input_layer1 is not running anymore, exiting..
[2026-08-18 15:02:17.417] [4292] [HailoRT] [info] [queue_elements.cpp:46] [~BaseQueueElement] Queue element PushQEl3yolov8n/input_layer1 has 0 frames in his Queue on destruction
[2026-08-18 15:02:17.421] [4292] [HailoRT] [info] [core_op.cpp:186] [deactivate] Deactivating took 3.553747 ms
[2026-08-18 15:02:17.421] [4292] [HailoRT] [info] [core_op.cpp:186] [deactivate] Deactivating took 3.58134 ms
[2026-08-18 15:07:54.015] [4621] [HailoRT] [info] [hef.cpp:1994] [get_network_group_and_network_name] No name was given. Addressing all networks of default network_group: yolov8n
[2026-08-18 15:07:54.035] [4621] [HailoRT] [info] [vdevice.cpp:535] [create] Creating vdevice with params: device_count: 1, scheduling_algorithm: NONE, multi_process_service: false
[2026-08-18 15:07:54.047] [4621] [HailoRT] [info] [device.cpp:51] [Device] OS Version: Linux 6.18.39+rpt-rpi-2712 #1 SMP PREEMPT Debian 1:6.18.39-1+rpt1 (2026-07-29) aarch64
[2026-08-18 15:07:54.048] [4621] [HailoRT] [info] [control.cpp:113] [control__parse_identify_results] firmware_version is: 4.23.0
[2026-08-18 15:07:54.048] [4621] [HailoRT] [info] [vdevice.cpp:682] [create] VDevice Infos: 0001:01:00.0
[2026-08-18 15:07:54.054] [4621] [HailoRT] [info] [internal_buffer_manager.cpp:77] [print_execution_results] Planned internal buffer memory: CMA=0 CMA-Desc=851968 Pinned=1560576. memory to edge layer usage factor is 0.78902406
[2026-08-18 15:07:54.054] [4621] [HailoRT] [info] [internal_buffer_manager.cpp:86] [print_execution_results] Default Internal buffer planner executed successfully
[2026-08-18 15:07:54.077] [4621] [HailoRT] [info] [device_internal.cpp:57] [configure] Configuring HEF took 28.499983 milliseconds
[2026-08-18 15:07:54.077] [4621] [HailoRT] [info] [vdevice.cpp:780] [configure] Configuring HEF on VDevice took 28.835253 milliseconds
[2026-08-18 15:07:54.078] [4621] [HailoRT] [info] [core_op.cpp:156] [activate] Activating yolov8n took 0.655891 milliseconds. Note that the function is asynchronous and thus the network is not fully activated yet.
[2026-08-18 15:07:54.078] [4621] [HailoRT] [info] [core_op.cpp:156] [activate] Activating yolov8n took 0.667706 milliseconds. Note that the function is asynchronous and thus the network is not fully activated yet.
[2026-08-18 15:07:54.078] [4621] [HailoRT] [info] [edge_elements.cpp:52] [create] Created (HwWriteEl3yolov8n/input_layer1 | hw_frame_size: 1228800)
[2026-08-18 15:07:54.078] [4621] [HailoRT] [info] [queue_elements.cpp:284] [create] Created (PushQEl3yolov8n/input_layer1 | timeout: 10s)
[2026-08-18 15:07:54.078] [4621] [HailoRT] [info] [filter_elements.cpp:101] [create] Created (PreInferEl3yolov8n/input_layer1 | Reorder - src_order: NHWC, src_shape: (640, 640, 3), dst_order: NHCW, dst_shape: (640, 640, 3))
[2026-08-18 15:07:54.078] [4621] [HailoRT] [info] [vstream.cpp:754] [InputVStreamImpl] Creating yolov8n/input_layer1...
[2026-08-18 15:07:54.078] [4621] [HailoRT] [info] [vstream_builder.cpp:102] [create_inputs] Input pipeline 'yolov8n/input_layer1': (PreInferEl3yolov8n/input_layer1 | Reorder - src_order: NHWC, src_shape: (640, 640, 3), dst_order: NHCW, dst_shape: (640, 640, 3)) >> (PushQEl3yolov8n/input_layer1 | timeout: 10s) >> (HwWriteEl3yolov8n/input_layer1 | hw_frame_size: 1228800) >> HW
[2026-08-18 15:07:54.078] [4621] [HailoRT] [info] [multi_io_elements.cpp:135] [create] Created (NmsPPMuxEl0YOLOV8-Post-Process | Op YOLOV8, Name: YOLOV8-Post-Process, Score threshold: 0.200, IoU threshold: 0.70, Classes: 80, Max bboxes per class: 100, Image height: 640, Image width: 640)
[2026-08-18 15:07:54.078] [4621] [HailoRT] [info] [edge_elements.cpp:287] [create] Created (HwReadEl3yolov8n/conv41_97 | hw_frame_size: 409600)
[2026-08-18 15:07:54.078] [4621] [HailoRT] [info] [queue_elements.cpp:657] [create] Created (PullQEl_nms3yolov8n/conv41_97 | timeout: 10s)
[2026-08-18 15:07:54.078] [4621] [HailoRT] [info] [edge_elements.cpp:287] [create] Created (HwReadEl2yolov8n/conv42_97 | hw_frame_size: 512000)
[2026-08-18 15:07:54.078] [4621] [HailoRT] [info] [queue_elements.cpp:657] [create] Created (PullQEl_nms2yolov8n/conv42_97 | timeout: 10s)
[2026-08-18 15:07:54.078] [4621] [HailoRT] [info] [edge_elements.cpp:287] [create] Created (HwReadEl1yolov8n/conv52_97 | hw_frame_size: 102400)
[2026-08-18 15:07:54.078] [4621] [HailoRT] [info] [queue_elements.cpp:657] [create] Created (PullQEl_nms1yolov8n/conv52_97 | timeout: 10s)
[2026-08-18 15:07:54.078] [4621] [HailoRT] [info] [edge_elements.cpp:287] [create] Created (HwReadEl0yolov8n/conv53_97 | hw_frame_size: 128000)
[2026-08-18 15:07:54.078] [4621] [HailoRT] [info] [queue_elements.cpp:657] [create] Created (PullQEl_nms0yolov8n/conv53_97 | timeout: 10s)
[2026-08-18 15:07:54.078] [4621] [HailoRT] [info] [edge_elements.cpp:287] [create] Created (HwReadEl3yolov8n/conv62_97 | hw_frame_size: 30720)
[2026-08-18 15:07:54.078] [4621] [HailoRT] [info] [queue_elements.cpp:657] [create] Created (PullQEl_nms3yolov8n/conv62_97 | timeout: 10s)
[2026-08-18 15:07:54.078] [4621] [HailoRT] [info] [edge_elements.cpp:287] [create] Created (HwReadEl2yolov8n/conv63_97 | hw_frame_size: 38400)
[2026-08-18 15:07:54.078] [4621] [HailoRT] [info] [queue_elements.cpp:657] [create] Created (PullQEl_nms2yolov8n/conv63_97 | timeout: 10s)
[2026-08-18 15:07:54.079] [4621] [HailoRT] [info] [queue_elements.cpp:800] [create] Created (UserBufQEl_post_infer0yolov8n/yolov8_nms_postprocess | timeout: 10s)
[2026-08-18 15:07:54.079] [4621] [HailoRT] [info] [vstream.cpp:1114] [OutputVStreamImpl] Creating yolov8n/yolov8_nms_postprocess...
[2026-08-18 15:07:54.079] [4621] [HailoRT] [info] [vstream_builder.cpp:622] [create_output_post_process_nms] Output pipeline 'yolov8n/yolov8_nms_postprocess': HW >> (HwReadEl3yolov8n/conv41_97 | hw_frame_size: 409600) >> (PullQEl_nms3yolov8n/conv41_97) >> (HwReadEl2yolov8n/conv42_97 | hw_frame_size: 512000) >> (PullQEl_nms2yolov8n/conv42_97) >> (HwReadEl1yolov8n/conv52_97 | hw_frame_size: 102400) >> (PullQEl_nms1yolov8n/conv52_97) >> (HwReadEl0yolov8n/conv53_97 | hw_frame_size: 128000) >> (PullQEl_nms0yolov8n/conv53_97) >> (HwReadEl3yolov8n/conv62_97 | hw_frame_size: 30720) >> (PullQEl_nms3yolov8n/conv62_97) >> (HwReadEl2yolov8n/conv63_97 | hw_frame_size: 38400) >> (PullQEl_nms2yolov8n/conv63_97) >> (NmsPPMuxEl0YOLOV8-Post-Process | Op YOLOV8, Name: YOLOV8-Post-Process, Score threshold: 0.200, IoU threshold: 0.70, Classes: 80, Max bboxes per class: 100, Image height: 640, Image width: 640) >> (UserBufQEl_post_infer0yolov8n/yolov8_nms_postprocess | timeout: 10s)
[2026-08-18 15:07:56.765] [4644] [HailoRT] [info] [vdevice_native_stream.cpp:331] [read_impl] Failed read from stream HAILO_STREAM_ABORT(63) (device: 0001:01:00.0)
[2026-08-18 15:07:56.765] [4644] [HailoRT] [info] [edge_elements.cpp:396] [run_pull] Reading from stream was aborted!
[2026-08-18 15:07:56.765] [4645] [HailoRT] [info] [vdevice_native_stream.cpp:331] [read_impl] Failed read from stream HAILO_STREAM_ABORT(63) (device: 0001:01:00.0)
[2026-08-18 15:07:56.765] [4645] [HailoRT] [info] [edge_elements.cpp:396] [run_pull] Reading from stream was aborted!
[2026-08-18 15:07:56.765] [4645] [HailoRT] [info] [queue_elements.cpp:738] [run_in_thread] run_pull of queue element PullQEl_nms3yolov8n/conv62_97 was aborted!
[2026-08-18 15:07:56.765] [4642] [HailoRT] [info] [vdevice_native_stream.cpp:331] [read_impl] Failed read from stream HAILO_STREAM_ABORT(63) (device: 0001:01:00.0)
[2026-08-18 15:07:56.765] [4642] [HailoRT] [info] [edge_elements.cpp:396] [run_pull] Reading from stream was aborted!
[2026-08-18 15:07:56.765] [4642] [HailoRT] [info] [queue_elements.cpp:738] [run_in_thread] run_pull of queue element PullQEl_nms2yolov8n/conv42_97 was aborted!
[2026-08-18 15:07:56.765] [4646] [HailoRT] [info] [vdevice_native_stream.cpp:331] [read_impl] Failed read from stream HAILO_STREAM_ABORT(63) (device: 0001:01:00.0)
[2026-08-18 15:07:56.765] [4646] [HailoRT] [info] [edge_elements.cpp:396] [run_pull] Reading from stream was aborted!
[2026-08-18 15:07:56.765] [4646] [HailoRT] [info] [queue_elements.cpp:738] [run_in_thread] run_pull of queue element PullQEl_nms2yolov8n/conv63_97 was aborted!
[2026-08-18 15:07:56.765] [4641] [HailoRT] [info] [vdevice_native_stream.cpp:331] [read_impl] Failed read from stream HAILO_STREAM_ABORT(63) (device: 0001:01:00.0)
[2026-08-18 15:07:56.765] [4641] [HailoRT] [info] [edge_elements.cpp:396] [run_pull] Reading from stream was aborted!
[2026-08-18 15:07:56.765] [4643] [HailoRT] [info] [vdevice_native_stream.cpp:331] [read_impl] Failed read from stream HAILO_STREAM_ABORT(63) (device: 0001:01:00.0)
[2026-08-18 15:07:56.765] [4641] [HailoRT] [info] [queue_elements.cpp:738] [run_in_thread] run_pull of queue element PullQEl_nms3yolov8n/conv41_97 was aborted!
[2026-08-18 15:07:56.765] [4644] [HailoRT] [info] [queue_elements.cpp:738] [run_in_thread] run_pull of queue element PullQEl_nms0yolov8n/conv53_97 was aborted!
[2026-08-18 15:07:56.765] [4643] [HailoRT] [info] [edge_elements.cpp:396] [run_pull] Reading from stream was aborted!
[2026-08-18 15:07:56.765] [4643] [HailoRT] [info] [queue_elements.cpp:738] [run_in_thread] run_pull of queue element PullQEl_nms1yolov8n/conv52_97 was aborted!
[2026-08-18 15:07:56.765] [4647] [HailoRT] [info] [queue_elements.cpp:68] [operator()] Thread in element UserBufQEl_post_infer0yolov8n/yolov8_nms_postprocess is not running anymore, exiting..
[2026-08-18 15:07:56.765] [4621] [HailoRT] [info] [queue_elements.cpp:46] [~BaseQueueElement] Queue element UserBufQEl_post_infer0yolov8n/yolov8_nms_postprocess has 0 frames in his Queue on destruction
[2026-08-18 15:07:56.765] [4646] [HailoRT] [info] [queue_elements.cpp:68] [operator()] Thread in element PullQEl_nms2yolov8n/conv63_97 is not running anymore, exiting..
[2026-08-18 15:07:56.766] [4621] [HailoRT] [info] [queue_elements.cpp:46] [~BaseQueueElement] Queue element PullQEl_nms2yolov8n/conv63_97 has 0 frames in his Queue on destruction
[2026-08-18 15:07:56.766] [4645] [HailoRT] [info] [queue_elements.cpp:68] [operator()] Thread in element PullQEl_nms3yolov8n/conv62_97 is not running anymore, exiting..
[2026-08-18 15:07:56.766] [4621] [HailoRT] [info] [queue_elements.cpp:46] [~BaseQueueElement] Queue element PullQEl_nms3yolov8n/conv62_97 has 0 frames in his Queue on destruction
[2026-08-18 15:07:56.766] [4644] [HailoRT] [info] [queue_elements.cpp:68] [operator()] Thread in element PullQEl_nms0yolov8n/conv53_97 is not running anymore, exiting..
[2026-08-18 15:07:56.766] [4621] [HailoRT] [info] [queue_elements.cpp:46] [~BaseQueueElement] Queue element PullQEl_nms0yolov8n/conv53_97 has 0 frames in his Queue on destruction
[2026-08-18 15:07:56.766] [4643] [HailoRT] [info] [queue_elements.cpp:68] [operator()] Thread in element PullQEl_nms1yolov8n/conv52_97 is not running anymore, exiting..
[2026-08-18 15:07:56.766] [4621] [HailoRT] [info] [queue_elements.cpp:46] [~BaseQueueElement] Queue element PullQEl_nms1yolov8n/conv52_97 has 0 frames in his Queue on destruction
[2026-08-18 15:07:56.766] [4642] [HailoRT] [info] [queue_elements.cpp:68] [operator()] Thread in element PullQEl_nms2yolov8n/conv42_97 is not running anymore, exiting..
[2026-08-18 15:07:56.766] [4621] [HailoRT] [info] [queue_elements.cpp:46] [~BaseQueueElement] Queue element PullQEl_nms2yolov8n/conv42_97 has 0 frames in his Queue on destruction
[2026-08-18 15:07:56.766] [4641] [HailoRT] [info] [queue_elements.cpp:68] [operator()] Thread in element PullQEl_nms3yolov8n/conv41_97 is not running anymore, exiting..
[2026-08-18 15:07:56.766] [4621] [HailoRT] [info] [queue_elements.cpp:46] [~BaseQueueElement] Queue element PullQEl_nms3yolov8n/conv41_97 has 0 frames in his Queue on destruction
[2026-08-18 15:07:56.766] [4640] [HailoRT] [info] [queue_elements.cpp:68] [operator()] Thread in element PushQEl3yolov8n/input_layer1 is not running anymore, exiting..
[2026-08-18 15:07:56.766] [4621] [HailoRT] [info] [queue_elements.cpp:46] [~BaseQueueElement] Queue element PushQEl3yolov8n/input_layer1 has 0 frames in his Queue on destruction
[2026-08-18 15:07:56.767] [4621] [HailoRT] [info] [core_op.cpp:186] [deactivate] Deactivating took 0.509997 ms
[2026-08-18 15:07:56.767] [4621] [HailoRT] [info] [core_op.cpp:186] [deactivate] Deactivating took 0.533035 ms
