[2026-08-18 13:05:08.879] [129409] [HailoRT] [info] [hef.cpp:1994] [get_network_group_and_network_name] No name was given. Addressing all networks of default network_group: yolov8n
[2026-08-18 13:05:08.892] [129409] [HailoRT] [info] [vdevice.cpp:535] [create] Creating vdevice with params: device_count: 1, scheduling_algorithm: NONE, multi_process_service: false
[2026-08-18 13:05:08.902] [129409] [HailoRT] [info] [device.cpp:51] [Device] OS Version: Linux 6.18.39+rpt-rpi-2712 #1 SMP PREEMPT Debian 1:6.18.39-1+rpt1 (2026-07-29) aarch64
[2026-08-18 13:05:08.903] [129409] [HailoRT] [info] [control.cpp:113] [control__parse_identify_results] firmware_version is: 4.23.0
[2026-08-18 13:05:08.903] [129409] [HailoRT] [info] [vdevice.cpp:682] [create] VDevice Infos: 0001:01:00.0
[2026-08-18 13:05:08.909] [129409] [HailoRT] [info] [internal_buffer_manager.cpp:77] [print_execution_results] Planned internal buffer memory: CMA=0 CMA-Desc=851968 Pinned=1560576. memory to edge layer usage factor is 0.78902406
[2026-08-18 13:05:08.909] [129409] [HailoRT] [info] [internal_buffer_manager.cpp:86] [print_execution_results] Default Internal buffer planner executed successfully
[2026-08-18 13:05:08.932] [129409] [HailoRT] [info] [device_internal.cpp:57] [configure] Configuring HEF took 28.712022 milliseconds
[2026-08-18 13:05:08.932] [129409] [HailoRT] [info] [vdevice.cpp:780] [configure] Configuring HEF on VDevice took 29.032709 milliseconds
[2026-08-18 13:05:08.933] [129409] [HailoRT] [info] [core_op.cpp:156] [activate] Activating yolov8n took 0.645042 milliseconds. Note that the function is asynchronous and thus the network is not fully activated yet.
[2026-08-18 13:05:08.933] [129409] [HailoRT] [info] [core_op.cpp:156] [activate] Activating yolov8n took 0.656913 milliseconds. Note that the function is asynchronous and thus the network is not fully activated yet.
[2026-08-18 13:05:08.933] [129409] [HailoRT] [info] [edge_elements.cpp:52] [create] Created (HwWriteEl3yolov8n/input_layer1 | hw_frame_size: 1228800)
[2026-08-18 13:05:08.933] [129409] [HailoRT] [info] [queue_elements.cpp:284] [create] Created (PushQEl3yolov8n/input_layer1 | timeout: 10s)
[2026-08-18 13:05:08.933] [129409] [HailoRT] [info] [filter_elements.cpp:101] [create] Created (PreInferEl3yolov8n/input_layer1 | Reorder - src_order: NHWC, src_shape: (640, 640, 3), dst_order: NHCW, dst_shape: (640, 640, 3))
[2026-08-18 13:05:08.933] [129409] [HailoRT] [info] [vstream.cpp:754] [InputVStreamImpl] Creating yolov8n/input_layer1...
[2026-08-18 13:05:08.933] [129409] [HailoRT] [info] [vstream_builder.cpp:102] [create_inputs] Input pipeline 'yolov8n/input_layer1': (PreInferEl3yolov8n/input_layer1 | Reorder - src_order: NHWC, src_shape: (640, 640, 3), dst_order: NHCW, dst_shape: (640, 640, 3)) >> (PushQEl3yolov8n/input_layer1 | timeout: 10s) >> (HwWriteEl3yolov8n/input_layer1 | hw_frame_size: 1228800) >> HW
[2026-08-18 13:05:08.933] [129409] [HailoRT] [info] [multi_io_elements.cpp:135] [create] Created (NmsPPMuxEl0YOLOV8-Post-Process | Op YOLOV8, Name: YOLOV8-Post-Process, Score threshold: 0.200, IoU threshold: 0.70, Classes: 80, Max bboxes per class: 100, Image height: 640, Image width: 640)
[2026-08-18 13:05:08.933] [129409] [HailoRT] [info] [edge_elements.cpp:287] [create] Created (HwReadEl3yolov8n/conv41_97 | hw_frame_size: 409600)
[2026-08-18 13:05:08.933] [129409] [HailoRT] [info] [queue_elements.cpp:657] [create] Created (PullQEl_nms3yolov8n/conv41_97 | timeout: 10s)
[2026-08-18 13:05:08.933] [129409] [HailoRT] [info] [edge_elements.cpp:287] [create] Created (HwReadEl2yolov8n/conv42_97 | hw_frame_size: 512000)
[2026-08-18 13:05:08.933] [129409] [HailoRT] [info] [queue_elements.cpp:657] [create] Created (PullQEl_nms2yolov8n/conv42_97 | timeout: 10s)
[2026-08-18 13:05:08.933] [129409] [HailoRT] [info] [edge_elements.cpp:287] [create] Created (HwReadEl1yolov8n/conv52_97 | hw_frame_size: 102400)
[2026-08-18 13:05:08.933] [129409] [HailoRT] [info] [queue_elements.cpp:657] [create] Created (PullQEl_nms1yolov8n/conv52_97 | timeout: 10s)
[2026-08-18 13:05:08.933] [129409] [HailoRT] [info] [edge_elements.cpp:287] [create] Created (HwReadEl0yolov8n/conv53_97 | hw_frame_size: 128000)
[2026-08-18 13:05:08.933] [129409] [HailoRT] [info] [queue_elements.cpp:657] [create] Created (PullQEl_nms0yolov8n/conv53_97 | timeout: 10s)
[2026-08-18 13:05:08.933] [129409] [HailoRT] [info] [edge_elements.cpp:287] [create] Created (HwReadEl3yolov8n/conv62_97 | hw_frame_size: 30720)
[2026-08-18 13:05:08.933] [129409] [HailoRT] [info] [queue_elements.cpp:657] [create] Created (PullQEl_nms3yolov8n/conv62_97 | timeout: 10s)
[2026-08-18 13:05:08.933] [129409] [HailoRT] [info] [edge_elements.cpp:287] [create] Created (HwReadEl2yolov8n/conv63_97 | hw_frame_size: 38400)
[2026-08-18 13:05:08.933] [129409] [HailoRT] [info] [queue_elements.cpp:657] [create] Created (PullQEl_nms2yolov8n/conv63_97 | timeout: 10s)
[2026-08-18 13:05:08.934] [129409] [HailoRT] [info] [queue_elements.cpp:800] [create] Created (UserBufQEl_post_infer0yolov8n/yolov8_nms_postprocess | timeout: 10s)
[2026-08-18 13:05:08.934] [129409] [HailoRT] [info] [vstream.cpp:1114] [OutputVStreamImpl] Creating yolov8n/yolov8_nms_postprocess...
[2026-08-18 13:05:08.934] [129409] [HailoRT] [info] [vstream_builder.cpp:622] [create_output_post_process_nms] Output pipeline 'yolov8n/yolov8_nms_postprocess': HW >> (HwReadEl3yolov8n/conv41_97 | hw_frame_size: 409600) >> (PullQEl_nms3yolov8n/conv41_97) >> (HwReadEl2yolov8n/conv42_97 | hw_frame_size: 512000) >> (PullQEl_nms2yolov8n/conv42_97) >> (HwReadEl1yolov8n/conv52_97 | hw_frame_size: 102400) >> (PullQEl_nms1yolov8n/conv52_97) >> (HwReadEl0yolov8n/conv53_97 | hw_frame_size: 128000) >> (PullQEl_nms0yolov8n/conv53_97) >> (HwReadEl3yolov8n/conv62_97 | hw_frame_size: 30720) >> (PullQEl_nms3yolov8n/conv62_97) >> (HwReadEl2yolov8n/conv63_97 | hw_frame_size: 38400) >> (PullQEl_nms2yolov8n/conv63_97) >> (NmsPPMuxEl0YOLOV8-Post-Process | Op YOLOV8, Name: YOLOV8-Post-Process, Score threshold: 0.200, IoU threshold: 0.70, Classes: 80, Max bboxes per class: 100, Image height: 640, Image width: 640) >> (UserBufQEl_post_infer0yolov8n/yolov8_nms_postprocess | timeout: 10s)
[2026-08-18 13:08:58.983] [129420] [HailoRT] [info] [vdevice_native_stream.cpp:331] [read_impl] Failed read from stream HAILO_STREAM_ABORT(63) (device: 0001:01:00.0)
[2026-08-18 13:08:58.983] [129424] [HailoRT] [info] [vdevice_native_stream.cpp:331] [read_impl] Failed read from stream HAILO_STREAM_ABORT(63) (device: 0001:01:00.0)
[2026-08-18 13:08:58.983] [129421] [HailoRT] [info] [vdevice_native_stream.cpp:331] [read_impl] Failed read from stream HAILO_STREAM_ABORT(63) (device: 0001:01:00.0)
[2026-08-18 13:08:58.983] [129424] [HailoRT] [info] [edge_elements.cpp:396] [run_pull] Reading from stream was aborted!
[2026-08-18 13:08:58.983] [129421] [HailoRT] [info] [edge_elements.cpp:396] [run_pull] Reading from stream was aborted!
[2026-08-18 13:08:58.983] [129420] [HailoRT] [info] [edge_elements.cpp:396] [run_pull] Reading from stream was aborted!
[2026-08-18 13:08:58.983] [129421] [HailoRT] [info] [queue_elements.cpp:738] [run_in_thread] run_pull of queue element PullQEl_nms2yolov8n/conv42_97 was aborted!
[2026-08-18 13:08:58.983] [129425] [HailoRT] [info] [vdevice_native_stream.cpp:331] [read_impl] Failed read from stream HAILO_STREAM_ABORT(63) (device: 0001:01:00.0)
[2026-08-18 13:08:58.983] [129420] [HailoRT] [info] [queue_elements.cpp:738] [run_in_thread] run_pull of queue element PullQEl_nms3yolov8n/conv41_97 was aborted!
[2026-08-18 13:08:58.983] [129424] [HailoRT] [info] [queue_elements.cpp:738] [run_in_thread] run_pull of queue element PullQEl_nms3yolov8n/conv62_97 was aborted!
[2026-08-18 13:08:58.983] [129425] [HailoRT] [info] [edge_elements.cpp:396] [run_pull] Reading from stream was aborted!
[2026-08-18 13:08:58.983] [129425] [HailoRT] [info] [queue_elements.cpp:738] [run_in_thread] run_pull of queue element PullQEl_nms2yolov8n/conv63_97 was aborted!
[2026-08-18 13:08:58.983] [129423] [HailoRT] [info] [vdevice_native_stream.cpp:331] [read_impl] Failed read from stream HAILO_STREAM_ABORT(63) (device: 0001:01:00.0)
[2026-08-18 13:08:58.983] [129423] [HailoRT] [info] [edge_elements.cpp:396] [run_pull] Reading from stream was aborted!
[2026-08-18 13:08:58.983] [129423] [HailoRT] [info] [queue_elements.cpp:738] [run_in_thread] run_pull of queue element PullQEl_nms0yolov8n/conv53_97 was aborted!
[2026-08-18 13:08:58.983] [129422] [HailoRT] [info] [vdevice_native_stream.cpp:331] [read_impl] Failed read from stream HAILO_STREAM_ABORT(63) (device: 0001:01:00.0)
[2026-08-18 13:08:58.983] [129422] [HailoRT] [info] [edge_elements.cpp:396] [run_pull] Reading from stream was aborted!
[2026-08-18 13:08:58.983] [129422] [HailoRT] [info] [queue_elements.cpp:738] [run_in_thread] run_pull of queue element PullQEl_nms1yolov8n/conv52_97 was aborted!
[2026-08-18 13:08:58.983] [129426] [HailoRT] [info] [queue_elements.cpp:68] [operator()] Thread in element UserBufQEl_post_infer0yolov8n/yolov8_nms_postprocess is not running anymore, exiting..
[2026-08-18 13:08:58.983] [129409] [HailoRT] [info] [queue_elements.cpp:46] [~BaseQueueElement] Queue element UserBufQEl_post_infer0yolov8n/yolov8_nms_postprocess has 0 frames in his Queue on destruction
[2026-08-18 13:08:58.983] [129425] [HailoRT] [info] [queue_elements.cpp:68] [operator()] Thread in element PullQEl_nms2yolov8n/conv63_97 is not running anymore, exiting..
[2026-08-18 13:08:58.983] [129409] [HailoRT] [info] [queue_elements.cpp:46] [~BaseQueueElement] Queue element PullQEl_nms2yolov8n/conv63_97 has 0 frames in his Queue on destruction
[2026-08-18 13:08:58.983] [129424] [HailoRT] [info] [queue_elements.cpp:68] [operator()] Thread in element PullQEl_nms3yolov8n/conv62_97 is not running anymore, exiting..
[2026-08-18 13:08:58.983] [129409] [HailoRT] [info] [queue_elements.cpp:46] [~BaseQueueElement] Queue element PullQEl_nms3yolov8n/conv62_97 has 0 frames in his Queue on destruction
[2026-08-18 13:08:58.983] [129423] [HailoRT] [info] [queue_elements.cpp:68] [operator()] Thread in element PullQEl_nms0yolov8n/conv53_97 is not running anymore, exiting..
[2026-08-18 13:08:58.983] [129409] [HailoRT] [info] [queue_elements.cpp:46] [~BaseQueueElement] Queue element PullQEl_nms0yolov8n/conv5[2026-08-18 13:08:59.283] [131143] [HailoRT] [info] [hef.cpp:1994] [get_network_group_and_network_name] No name was given. Addressing all networks of default network_group: yolov8n
[2026-08-18 13:08:59.296] [131143] [HailoRT] [info] [vdevice.cpp:535] [create] Creating vdevice with params: device_count: 1, scheduling_algorithm: NONE, multi_process_service: false
[2026-08-18 13:08:59.306] [131143] [HailoRT] [info] [device.cpp:51] [Device] OS Version: Linux 6.18.39+rpt-rpi-2712 #1 SMP PREEMPT Debian 1:6.18.39-1+rpt1 (2026-07-29) aarch64
[2026-08-18 13:08:59.307] [131143] [HailoRT] [info] [control.cpp:113] [control__parse_identify_results] firmware_version is: 4.23.0
[2026-08-18 13:08:59.307] [131143] [HailoRT] [info] [vdevice.cpp:682] [create] VDevice Infos: 0001:01:00.0
[2026-08-18 13:08:59.313] [131143] [HailoRT] [info] [internal_buffer_manager.cpp:77] [print_execution_results] Planned internal buffer memory: CMA=0 CMA-Desc=851968 Pinned=1560576. memory to edge layer usage factor is 0.78902406
[2026-08-18 13:08:59.313] [131143] [HailoRT] [info] [internal_buffer_manager.cpp:86] [print_execution_results] Default Internal buffer planner executed successfully
[2026-08-18 13:08:59.335] [131143] [HailoRT] [info] [device_internal.cpp:57] [configure] Configuring HEF took 27.65214 milliseconds
[2026-08-18 13:08:59.335] [131143] [HailoRT] [info] [vdevice.cpp:780] [configure] Configuring HEF on VDevice took 27.976531 milliseconds
[2026-08-18 13:08:59.336] [131143] [HailoRT] [info] [core_op.cpp:156] [activate] Activating yolov8n took 0.677818 milliseconds. Note that the function is asynchronous and thus the network is not fully activated yet.
[2026-08-18 13:08:59.336] [131143] [HailoRT] [info] [core_op.cpp:156] [activate] Activating yolov8n took 0.695301 milliseconds. Note that the function is asynchronous and thus the network is not fully activated yet.
[2026-08-18 13:08:59.336] [131143] [HailoRT] [info] [edge_elements.cpp:52] [create] Created (HwWriteEl3yolov8n/input_layer1 | hw_frame_size: 1228800)
[2026-08-18 13:08:59.336] [131143] [HailoRT] [info] [queue_elements.cpp:284] [create] Created (PushQEl3yolov8n/input_layer1 | timeout: 10s)
[2026-08-18 13:08:59.336] [131143] [HailoRT] [info] [filter_elements.cpp:101] [create] Created (PreInferEl3yolov8n/input_layer1 | Reorder - src_order: NHWC, src_shape: (640, 640, 3), dst_order: NHCW, dst_shape: (640, 640, 3))
[2026-08-18 13:08:59.336] [131143] [HailoRT] [info] [vstream.cpp:754] [InputVStreamImpl] Creating yolov8n/input_layer1...
[2026-08-18 13:08:59.336] [131143] [HailoRT] [info] [vstream_builder.cpp:102] [create_inputs] Input pipeline 'yolov8n/input_layer1': (PreInferEl3yolov8n/input_layer1 | Reorder - src_order: NHWC, src_shape: (640, 640, 3), dst_order: NHCW, dst_shape: (640, 640, 3)) >> (PushQEl3yolov8n/input_layer1 | timeout: 10s) >> (HwWriteEl3yolov8n/input_layer1 | hw_frame_size: 1228800) >> HW
[2026-08-18 13:08:59.336] [131143] [HailoRT] [info] [multi_io_elements.cpp:135] [create] Created (NmsPPMuxEl0YOLOV8-Post-Process | Op YOLOV8, Name: YOLOV8-Post-Process, Score threshold: 0.200, IoU threshold: 0.70, Classes: 80, Max bboxes per class: 100, Image height: 640, Image width: 640)
[2026-08-18 13:08:59.336] [131143] [HailoRT] [info] [edge_elements.cpp:287] [create] Created (HwReadEl3yolov8n/conv41_97 | hw_frame_size: 409600)
[2026-08-18 13:08:59.336] [131143] [HailoRT] [info] [queue_elements.cpp:657] [create] Created (PullQEl_nms3yolov8n/conv41_97 | timeout: 10s)
[2026-08-18 13:08:59.336] [131143] [HailoRT] [info] [edge_elements.cpp:287] [create] Created (HwReadEl2yolov8n/conv42_97 | hw_frame_size: 512000)
[2026-08-18 13:08:59.336] [131143] [HailoRT] [info] [queue_elements.cpp:657] [create] Created (PullQEl_nms2yolov8n/conv42_97 | timeout: 10s)
[2026-08-18 13:08:59.336] [131143] [HailoRT] [info] [edge_elements.cpp:287] [create] Created (HwReadEl1yolov8n/conv52_97 | hw_frame_size: 102400)
[2026-08-18 13:08:59.336] [131143] [HailoRT] [info] [queue_elements.cpp:657] [create] Created (PullQEl_nms1yolov8n/conv52_97 | timeout: 10s)
[2026-08-18 13:08:59.336] [131143] [HailoRT] [info] [edge_elements.cpp:287] [create] Created (HwReadEl0yolov8n/conv53_97 | hw_frame_size: 128000)
[2026-08-18 13:08:59.336] [131143] [HailoRT] [info] [queue_elements.cpp:657] [create] Created (PullQEl_nms0yolov8n/conv53_97 | timeout: 10s)
[2026-08-18 13:08:59.336] [131143] [HailoRT] [info] [edge_elements.cpp:287] [create] Created (HwReadEl3yolov8n/conv62_97 | hw_frame_size: 30720)
[2026-08-18 13:08:59.337] [131143] [HailoRT] [info] [queue_elements.cpp:657] [create] Created (PullQEl_nms3yolov8n/conv62_97 | timeout: 10s)
[2026-08-18 13:08:59.337] [131143] [HailoRT] [info] [edge_elements.cpp:287] [create] Created (HwReadEl2yolov8n/conv63_97 | hw_frame_size: 38400)
[2026-08-18 13:08:59.337] [131143] [HailoRT] [info] [queue_elements.cpp:657] [create] Created (PullQEl_nms2yolov8n/conv63_97 | timeout: 10s)
[2026-08-18 13:08:59.337] [131143] [HailoRT] [info] [queue_elements.cpp:800] [create] Created (UserBufQEl_post_infer0yolov8n/yolov8_nms_postprocess | timeout: 10s)
[2026-08-18 13:08:59.337] [131143] [HailoRT] [info] [vstream.cpp:1114] [OutputVStreamImpl] Creating yolov8n/yolov8_nms_postprocess...
[2026-08-18 13:08:59.337] [131143] [HailoRT] [info] [vstream_builder.cpp:622] [create_output_post_process_nms] Output pipeline 'yolov8n/yolov8_nms_postprocess': HW >> (HwReadEl3yolov8n/conv41_97 | hw_frame_size: 409600) >> (PullQEl_nms3yolov8n/conv41_97) >> (HwReadEl2yolov8n/conv42_97 | hw_frame_size: 512000) >> (PullQEl_nms2yolov8n/conv42_97) >> (HwReadEl1yolov8n/conv52_97 | hw_frame_size: 102400) >> (PullQEl_nms1yolov8n/conv52_97) >> (HwReadEl0yolov8n/conv53_97 | hw_frame_size: 128000) >> (PullQEl_nms0yolov8n/conv53_97) >> (HwReadEl3yolov8n/conv62_97 | hw_frame_size: 30720) >> (PullQEl_nms3yolov8n/conv62_97) >> (HwReadEl2yolov8n/conv63_97 | hw_frame_size: 38400) >> (PullQEl_nms2yolov8n/conv63_97) >> (NmsPPMuxEl0YOLOV8-Post-Process | Op YOLOV8, Name: YOLOV8-Post-Process, Score threshold: 0.200, IoU threshold: 0.70, Classes: 80, Max bboxes per class: 100, Image height: 640, Image width: 640) >> (UserBufQEl_post_infer0yolov8n/yolov8_nms_postprocess | timeout: 10s)
